2025-07-06 15:36:26,884 - CompresorPDFEvidencia - INFO - === INICIANDO COMPRESIÓN DE 4 IMÁGENES ===
2025-07-06 15:36:26,885 - CompresorPDFEvidencia - INFO - Objetivo de tamaño: 15MB
2025-07-06 15:36:26,886 - CompresorPDFEvidencia - INFO - Metadatos recibidos: {
  "imagenes_comprimidas": true,
  "timestamp": "2025-07-06T21:36:26.046Z",
  "objetivo_movil": true
}
2025-07-06 15:36:26,889 - CompresorPDFEvidencia - DEBUG - Configuración para 4 imágenes: {'max_width': 1600, 'max_height': 1200, 'calidad': 80}
2025-07-06 15:36:26,890 - CompresorPDFEvidencia - INFO - Configuración inicial: {'max_width': 1600, 'max_height': 1200, 'calidad': 80}
2025-07-06 15:36:26,892 - CompresorPDFEvidencia - INFO - --- Procesando imagen 1/4: Evidencia_Camara_1751837771797_1.jpg ---
2025-07-06 15:36:26,893 - CompresorPDFEvidencia - INFO - Tamaño original: 79.8 KB
2025-07-06 15:36:26,895 - CompresorPDFEvidencia - INFO - Formato original: JPEG, Dimensiones: (904, 1440)
2025-07-06 15:36:26,911 - CompresorPDFEvidencia - INFO - Espacio objetivo para esta imagen: 3.8 MB
2025-07-06 15:36:26,912 - CompresorPDFEvidencia - DEBUG - Probando nivel 1: Inicial
2025-07-06 15:36:26,987 - CompresorPDFEvidencia - DEBUG - Nivel Inicial: 111.3 KB
2025-07-06 15:36:26,987 - CompresorPDFEvidencia - INFO - Nivel seleccionado: Inicial (calidad 80%)
2025-07-06 15:36:26,988 - CompresorPDFEvidencia - INFO - Resultado: 111.3 KB (-39.5% reducción)
2025-07-06 15:36:26,990 - CompresorPDFEvidencia - INFO - --- Procesando imagen 2/4: Evidencia_Camara_1751837773674_2.jpg ---
2025-07-06 15:36:26,990 - CompresorPDFEvidencia - INFO - Tamaño original: 114.6 KB
2025-07-06 15:36:26,991 - CompresorPDFEvidencia - INFO - Formato original: JPEG, Dimensiones: (904, 1440)
2025-07-06 15:36:26,998 - CompresorPDFEvidencia - INFO - Espacio objetivo para esta imagen: 5.0 MB
2025-07-06 15:36:26,999 - CompresorPDFEvidencia - DEBUG - Probando nivel 1: Inicial
2025-07-06 15:36:27,077 - CompresorPDFEvidencia - DEBUG - Nivel Inicial: 148.2 KB
2025-07-06 15:36:27,077 - CompresorPDFEvidencia - INFO - Nivel seleccionado: Inicial (calidad 80%)
2025-07-06 15:36:27,079 - CompresorPDFEvidencia - INFO - Resultado: 148.2 KB (-29.4% reducción)
2025-07-06 15:36:27,081 - CompresorPDFEvidencia - INFO - --- Procesando imagen 3/4: Evidencia_Camara_1751837775459_3.jpg ---
2025-07-06 15:36:27,082 - CompresorPDFEvidencia - INFO - Tamaño original: 82.0 KB
2025-07-06 15:36:27,083 - CompresorPDFEvidencia - INFO - Formato original: JPEG, Dimensiones: (904, 1440)
2025-07-06 15:36:27,097 - CompresorPDFEvidencia - INFO - Espacio objetivo para esta imagen: 7.4 MB
2025-07-06 15:36:27,098 - CompresorPDFEvidencia - DEBUG - Probando nivel 1: Inicial
2025-07-06 15:36:27,172 - CompresorPDFEvidencia - DEBUG - Nivel Inicial: 113.9 KB
2025-07-06 15:36:27,172 - CompresorPDFEvidencia - INFO - Nivel seleccionado: Inicial (calidad 80%)
2025-07-06 15:36:27,174 - CompresorPDFEvidencia - INFO - Resultado: 113.9 KB (-38.9% reducción)
2025-07-06 15:36:27,176 - CompresorPDFEvidencia - INFO - --- Procesando imagen 4/4: Evidencia_Camara_1751837777102_4.jpg ---
2025-07-06 15:36:27,177 - CompresorPDFEvidencia - INFO - Tamaño original: 85.9 KB
2025-07-06 15:36:27,178 - CompresorPDFEvidencia - INFO - Formato original: JPEG, Dimensiones: (904, 1440)
2025-07-06 15:36:27,189 - CompresorPDFEvidencia - INFO - Espacio objetivo para esta imagen: 14.6 MB
2025-07-06 15:36:27,190 - CompresorPDFEvidencia - DEBUG - Probando nivel 1: Inicial
2025-07-06 15:36:27,266 - CompresorPDFEvidencia - DEBUG - Nivel Inicial: 115.7 KB
2025-07-06 15:36:27,266 - CompresorPDFEvidencia - INFO - Nivel seleccionado: Inicial (calidad 80%)
2025-07-06 15:36:27,267 - CompresorPDFEvidencia - INFO - Resultado: 115.7 KB (-34.7% reducción)
2025-07-06 15:36:27,268 - CompresorPDFEvidencia - INFO - === REPORTE FINAL DE COMPRESIÓN ===
2025-07-06 15:36:27,268 - CompresorPDFEvidencia - INFO - Imágenes procesadas: 4
2025-07-06 15:36:27,269 - CompresorPDFEvidencia - INFO - Tiempo total: 385ms
2025-07-06 15:36:27,269 - CompresorPDFEvidencia - INFO - Tamaño original total: 362.2 KB
2025-07-06 15:36:27,270 - CompresorPDFEvidencia - INFO - Tamaño comprimido total: 489.1 KB
2025-07-06 15:36:27,270 - CompresorPDFEvidencia - INFO - Reducción total: -35.0%
2025-07-06 15:36:27,270 - CompresorPDFEvidencia - INFO - Cumple objetivo móvil (15MB): ✅ SÍ
2025-07-06 15:36:27,271 - CompresorPDFEvidencia - INFO - === DETALLE POR IMAGEN ===
2025-07-06 15:36:27,271 - CompresorPDFEvidencia - INFO - 1. Evidencia_Camara_1751837771797_1.jpg:
2025-07-06 15:36:27,272 - CompresorPDFEvidencia - INFO -    Original: 79.8 KB
2025-07-06 15:36:27,272 - CompresorPDFEvidencia - INFO -    Final: 111.3 KB
2025-07-06 15:36:27,272 - CompresorPDFEvidencia - INFO -    Reducción: -39.5%
2025-07-06 15:36:27,273 - CompresorPDFEvidencia - INFO -    Dimensiones: (904, 1440) → (753, 1200)
2025-07-06 15:36:27,274 - CompresorPDFEvidencia - INFO -    Calidad aplicada: 80%
2025-07-06 15:36:27,274 - CompresorPDFEvidencia - INFO - 2. Evidencia_Camara_1751837773674_2.jpg:
2025-07-06 15:36:27,274 - CompresorPDFEvidencia - INFO -    Original: 114.6 KB
2025-07-06 15:36:27,274 - CompresorPDFEvidencia - INFO -    Final: 148.2 KB
2025-07-06 15:36:27,275 - CompresorPDFEvidencia - INFO -    Reducción: -29.4%
2025-07-06 15:36:27,275 - CompresorPDFEvidencia - INFO -    Dimensiones: (904, 1440) → (753, 1200)
2025-07-06 15:36:27,275 - CompresorPDFEvidencia - INFO -    Calidad aplicada: 80%
2025-07-06 15:36:27,275 - CompresorPDFEvidencia - INFO - 3. Evidencia_Camara_1751837775459_3.jpg:
2025-07-06 15:36:27,276 - CompresorPDFEvidencia - INFO -    Original: 82.0 KB
2025-07-06 15:36:27,276 - CompresorPDFEvidencia - INFO -    Final: 113.9 KB
2025-07-06 15:36:27,276 - CompresorPDFEvidencia - INFO -    Reducción: -38.9%
2025-07-06 15:36:27,277 - CompresorPDFEvidencia - INFO -    Dimensiones: (904, 1440) → (753, 1200)
2025-07-06 15:36:27,277 - CompresorPDFEvidencia - INFO -    Calidad aplicada: 80%
2025-07-06 15:36:27,277 - CompresorPDFEvidencia - INFO - 4. Evidencia_Camara_1751837777102_4.jpg:
2025-07-06 15:36:27,278 - CompresorPDFEvidencia - INFO -    Original: 85.9 KB
2025-07-06 15:36:27,278 - CompresorPDFEvidencia - INFO -    Final: 115.7 KB
2025-07-06 15:36:27,278 - CompresorPDFEvidencia - INFO -    Reducción: -34.7%
2025-07-06 15:36:27,279 - CompresorPDFEvidencia - INFO -    Dimensiones: (904, 1440) → (753, 1200)
2025-07-06 15:36:27,279 - CompresorPDFEvidencia - INFO -    Calidad aplicada: 80%
2025-07-06 15:36:27,495 - CompresorPDFEvidencia - INFO - Optimizando PDF final: C:\Users\RUBENC~1\AppData\Local\Temp\pdfs_mantenimiento\Evidencia_Computo 20250706 153456 Eabe6F27_20250706_153627.pdf
2025-07-06 15:36:27,496 - CompresorPDFEvidencia - INFO - Tamaño PDF original: 667.1 KB
2025-07-06 15:36:27,524 - CompresorPDFEvidencia - ERROR - Error al optimizar PDF: save to original must be incremental
