2025-07-06 15:41:50,219 - CompresorPDFEvidencia - INFO - === INICIANDO COMPRESIÓN DE 3 IMÁGENES ===
2025-07-06 15:41:50,224 - CompresorPDFEvidencia - INFO - Objetivo de tamaño: 15MB
2025-07-06 15:41:50,225 - CompresorPDFEvidencia - INFO - Metadatos recibidos: {
  "imagenes_comprimidas": true,
  "timestamp": "2025-07-06T21:41:49.677Z",
  "objetivo_movil": true
}
2025-07-06 15:41:50,229 - CompresorPDFEvidencia - DEBUG - Configuración para 3 imágenes: {'max_width': 1600, 'max_height': 1200, 'calidad': 80}
2025-07-06 15:41:50,231 - CompresorPDFEvidencia - INFO - Configuración inicial: {'max_width': 1600, 'max_height': 1200, 'calidad': 80}
2025-07-06 15:41:50,235 - CompresorPDFEvidencia - INFO - --- Procesando imagen 1/3: Evidencia_Camara_1751838099599_6.jpg ---
2025-07-06 15:41:50,239 - CompresorPDFEvidencia - INFO - Tamaño original: 55.4 KB
2025-07-06 15:41:50,322 - CompresorPDFEvidencia - INFO - Formato original: JPEG, Dimensiones: (522, 720)
2025-07-06 15:41:50,349 - CompresorPDFEvidencia - INFO - Espacio objetivo para esta imagen: 5.0 MB
2025-07-06 15:41:50,351 - CompresorPDFEvidencia - DEBUG - Probando nivel 1: Inicial
2025-07-06 15:41:50,390 - CompresorPDFEvidencia - DEBUG - Nivel Inicial: 71.0 KB
2025-07-06 15:41:50,391 - CompresorPDFEvidencia - INFO - Nivel seleccionado: Inicial (calidad 80%)
2025-07-06 15:41:50,392 - CompresorPDFEvidencia - INFO - Resultado: 71.0 KB (-28.0% reducción)
2025-07-06 15:41:50,394 - CompresorPDFEvidencia - INFO - --- Procesando imagen 2/3: Evidencia_Camara_1751838099650_7.jpg ---
2025-07-06 15:41:50,395 - CompresorPDFEvidencia - INFO - Tamaño original: 50.5 KB
2025-07-06 15:41:50,395 - CompresorPDFEvidencia - INFO - Formato original: JPEG, Dimensiones: (522, 720)
2025-07-06 15:41:50,405 - CompresorPDFEvidencia - INFO - Espacio objetivo para esta imagen: 7.5 MB
2025-07-06 15:41:50,406 - CompresorPDFEvidencia - DEBUG - Probando nivel 1: Inicial
2025-07-06 15:41:50,446 - CompresorPDFEvidencia - DEBUG - Nivel Inicial: 65.1 KB
2025-07-06 15:41:50,446 - CompresorPDFEvidencia - INFO - Nivel seleccionado: Inicial (calidad 80%)
2025-07-06 15:41:50,448 - CompresorPDFEvidencia - INFO - Resultado: 65.1 KB (-28.9% reducción)
2025-07-06 15:41:50,450 - CompresorPDFEvidencia - INFO - --- Procesando imagen 3/3: Evidencia_Camara_1751838099697_8.jpg ---
2025-07-06 15:41:50,452 - CompresorPDFEvidencia - INFO - Tamaño original: 48.0 KB
2025-07-06 15:41:50,453 - CompresorPDFEvidencia - INFO - Formato original: JPEG, Dimensiones: (522, 720)
2025-07-06 15:41:50,466 - CompresorPDFEvidencia - INFO - Espacio objetivo para esta imagen: 14.9 MB
2025-07-06 15:41:50,467 - CompresorPDFEvidencia - DEBUG - Probando nivel 1: Inicial
2025-07-06 15:41:50,514 - CompresorPDFEvidencia - DEBUG - Nivel Inicial: 62.0 KB
2025-07-06 15:41:50,514 - CompresorPDFEvidencia - INFO - Nivel seleccionado: Inicial (calidad 80%)
2025-07-06 15:41:50,516 - CompresorPDFEvidencia - INFO - Resultado: 62.0 KB (-29.2% reducción)
2025-07-06 15:41:50,518 - CompresorPDFEvidencia - INFO - === REPORTE FINAL DE COMPRESIÓN ===
2025-07-06 15:41:50,519 - CompresorPDFEvidencia - INFO - Imágenes procesadas: 3
2025-07-06 15:41:50,519 - CompresorPDFEvidencia - INFO - Tiempo total: 299ms
2025-07-06 15:41:50,520 - CompresorPDFEvidencia - INFO - Tamaño original total: 153.9 KB
2025-07-06 15:41:50,521 - CompresorPDFEvidencia - INFO - Tamaño comprimido total: 198.1 KB
2025-07-06 15:41:50,522 - CompresorPDFEvidencia - INFO - Reducción total: -28.7%
2025-07-06 15:41:50,523 - CompresorPDFEvidencia - INFO - Cumple objetivo móvil (15MB): ✅ SÍ
2025-07-06 15:41:50,525 - CompresorPDFEvidencia - INFO - === DETALLE POR IMAGEN ===
2025-07-06 15:41:50,526 - CompresorPDFEvidencia - INFO - 1. Evidencia_Camara_1751838099599_6.jpg:
2025-07-06 15:41:50,531 - CompresorPDFEvidencia - INFO -    Original: 55.4 KB
2025-07-06 15:41:50,533 - CompresorPDFEvidencia - INFO -    Final: 71.0 KB
2025-07-06 15:41:50,534 - CompresorPDFEvidencia - INFO -    Reducción: -28.0%
2025-07-06 15:41:50,534 - CompresorPDFEvidencia - INFO -    Dimensiones: (522, 720) → (522, 720)
2025-07-06 15:41:50,535 - CompresorPDFEvidencia - INFO -    Calidad aplicada: 80%
2025-07-06 15:41:50,544 - CompresorPDFEvidencia - INFO - 2. Evidencia_Camara_1751838099650_7.jpg:
2025-07-06 15:41:50,563 - CompresorPDFEvidencia - INFO -    Original: 50.5 KB
2025-07-06 15:41:50,564 - CompresorPDFEvidencia - INFO -    Final: 65.1 KB
2025-07-06 15:41:50,565 - CompresorPDFEvidencia - INFO -    Reducción: -28.9%
2025-07-06 15:41:50,567 - CompresorPDFEvidencia - INFO -    Dimensiones: (522, 720) → (522, 720)
2025-07-06 15:41:50,570 - CompresorPDFEvidencia - INFO -    Calidad aplicada: 80%
2025-07-06 15:41:50,574 - CompresorPDFEvidencia - INFO - 3. Evidencia_Camara_1751838099697_8.jpg:
2025-07-06 15:41:50,577 - CompresorPDFEvidencia - INFO -    Original: 48.0 KB
2025-07-06 15:41:50,594 - CompresorPDFEvidencia - INFO -    Final: 62.0 KB
2025-07-06 15:41:50,594 - CompresorPDFEvidencia - INFO -    Reducción: -29.2%
2025-07-06 15:41:50,595 - CompresorPDFEvidencia - INFO -    Dimensiones: (522, 720) → (522, 720)
2025-07-06 15:41:50,595 - CompresorPDFEvidencia - INFO -    Calidad aplicada: 80%
2025-07-06 15:41:51,386 - CompresorPDFEvidencia - INFO - Optimizando PDF final: C:\Users\RUBENC~1\AppData\Local\Temp\pdfs_mantenimiento\Evidencia_Computo 20250706 154044 0904Ed48_20250706_154150.pdf
2025-07-06 15:41:51,388 - CompresorPDFEvidencia - INFO - Tamaño PDF original: 388.6 KB
2025-07-06 15:41:51,467 - CompresorPDFEvidencia - ERROR - Error al optimizar PDF: save to original must be incremental
