2025-07-06 16:51:33,012 - CompresorPDFEvidencia - INFO - === INICIANDO COMPRESIÓN DE 2 IMÁGENES ===
2025-07-06 16:51:33,013 - CompresorPDFEvidencia - INFO - Objetivo de tamaño: 15MB
2025-07-06 16:51:33,013 - CompresorPDFEvidencia - INFO - Metadatos recibidos: {
  "imagenes_comprimidas": true,
  "sistema_utilizado": "CompresorPDFEvidencia_Seguro",
  "timestamp": "2025-07-06T22:51:32.487Z",
  "objetivo_movil": true
}
2025-07-06 16:51:33,014 - CompresorPDFEvidencia - DEBUG - Configuración para 2 imágenes: {'max_width': 1920, 'max_height': 1440, 'calidad': 85}
2025-07-06 16:51:33,014 - CompresorPDFEvidencia - INFO - Configuración inicial: {'max_width': 1920, 'max_height': 1440, 'calidad': 85}
2025-07-06 16:51:33,015 - CompresorPDFEvidencia - INFO - --- Procesando imagen 1/2: Evidencia_Camara_1751842287755_1.jpg ---
2025-07-06 16:51:33,022 - CompresorPDFEvidencia - INFO - Tamaño original: 573.2 KB
2025-07-06 16:51:33,057 - CompresorPDFEvidencia - INFO - Formato original: PNG, Dimensiones: (522, 720)
2025-07-06 16:51:33,083 - CompresorPDFEvidencia - INFO - Espacio objetivo para esta imagen: 7.5 MB
2025-07-06 16:51:33,083 - CompresorPDFEvidencia - DEBUG - Probando nivel 1: Inicial
2025-07-06 16:51:33,126 - CompresorPDFEvidencia - DEBUG - Nivel Inicial: 129.1 KB
2025-07-06 16:51:33,126 - CompresorPDFEvidencia - INFO - Nivel seleccionado: Inicial (calidad 85%)
2025-07-06 16:51:33,128 - CompresorPDFEvidencia - INFO - Resultado: 129.1 KB (77.5% reducción)
2025-07-06 16:51:33,131 - CompresorPDFEvidencia - INFO - --- Procesando imagen 2/2: Evidencia_Camara_1751842287802_2.jpg ---
2025-07-06 16:51:33,138 - CompresorPDFEvidencia - INFO - Tamaño original: 572.3 KB
2025-07-06 16:51:33,138 - CompresorPDFEvidencia - INFO - Formato original: PNG, Dimensiones: (522, 720)
2025-07-06 16:51:33,161 - CompresorPDFEvidencia - INFO - Espacio objetivo para esta imagen: 14.9 MB
2025-07-06 16:51:33,162 - CompresorPDFEvidencia - DEBUG - Probando nivel 1: Inicial
2025-07-06 16:51:33,196 - CompresorPDFEvidencia - DEBUG - Nivel Inicial: 120.3 KB
2025-07-06 16:51:33,196 - CompresorPDFEvidencia - INFO - Nivel seleccionado: Inicial (calidad 85%)
2025-07-06 16:51:33,198 - CompresorPDFEvidencia - INFO - Resultado: 120.3 KB (79.0% reducción)
2025-07-06 16:51:33,200 - CompresorPDFEvidencia - INFO - === REPORTE FINAL DE COMPRESIÓN ===
2025-07-06 16:51:33,200 - CompresorPDFEvidencia - INFO - Imágenes procesadas: 2
2025-07-06 16:51:33,201 - CompresorPDFEvidencia - INFO - Tiempo total: 188ms
2025-07-06 16:51:33,201 - CompresorPDFEvidencia - INFO - Tamaño original total: 1.1 MB
2025-07-06 16:51:33,202 - CompresorPDFEvidencia - INFO - Tamaño comprimido total: 249.4 KB
2025-07-06 16:51:33,202 - CompresorPDFEvidencia - INFO - Reducción total: 78.2%
2025-07-06 16:51:33,202 - CompresorPDFEvidencia - INFO - Cumple objetivo móvil (15MB): ✅ SÍ
2025-07-06 16:51:33,203 - CompresorPDFEvidencia - INFO - === DETALLE POR IMAGEN ===
2025-07-06 16:51:33,204 - CompresorPDFEvidencia - INFO - 1. Evidencia_Camara_1751842287755_1.jpg:
2025-07-06 16:51:33,204 - CompresorPDFEvidencia - INFO -    Original: 573.2 KB
2025-07-06 16:51:33,204 - CompresorPDFEvidencia - INFO -    Final: 129.1 KB
2025-07-06 16:51:33,205 - CompresorPDFEvidencia - INFO -    Reducción: 77.5%
2025-07-06 16:51:33,205 - CompresorPDFEvidencia - INFO -    Dimensiones: (522, 720) → (522, 720)
2025-07-06 16:51:33,206 - CompresorPDFEvidencia - INFO -    Calidad aplicada: 85%
2025-07-06 16:51:33,206 - CompresorPDFEvidencia - INFO - 2. Evidencia_Camara_1751842287802_2.jpg:
2025-07-06 16:51:33,207 - CompresorPDFEvidencia - INFO -    Original: 572.3 KB
2025-07-06 16:51:33,207 - CompresorPDFEvidencia - INFO -    Final: 120.3 KB
2025-07-06 16:51:33,208 - CompresorPDFEvidencia - INFO -    Reducción: 79.0%
2025-07-06 16:51:33,209 - CompresorPDFEvidencia - INFO -    Dimensiones: (522, 720) → (522, 720)
2025-07-06 16:51:33,209 - CompresorPDFEvidencia - INFO -    Calidad aplicada: 85%
2025-07-06 16:51:33,660 - CompresorPDFEvidencia - INFO - Optimizando PDF final: C:\Users\RUBENC~1\AppData\Local\Temp\pdfs_mantenimiento\Evidencia_Computo 20250706 165052 0904Ed48_20250706_165133.pdf
2025-07-06 16:51:33,661 - CompresorPDFEvidencia - INFO - Tamaño PDF original: 440.2 KB
2025-07-06 16:51:33,696 - CompresorPDFEvidencia - ERROR - Error al optimizar PDF: save to original must be incremental
